
> krishiseva-frontend@3.0.0 build
> cross-env CI=false react-scripts build

node.exe : (node:26200) [DEP0176] DeprecationWarning: fs.F_OK is deprecated, 
use fs.constants.F_OK instead
At line:1 char:1
+ & "C:\Program Files\nodejs/node.exe" "C:\Program Files\nodejs/node_mo ...
+ ~~~~~~~~~~~~~~~~~~~~~~~~~~~~~~~~~~~~~~~~~~~~~~~~~~~~~~~~~~~~~~~~~~~~~
    + CategoryInfo          : NotSpecified: ((node:26200) [D...ts.F_OK instead 
   :String) [], RemoteException
    + FullyQualifiedErrorId : NativeCommandError
 
(Use `node --trace-deprecation ...` to show where the warning was created)
Creating an optimized production build...
Failed to compile.

[eslint] 
src\pages\ConsultancyPages.js
  Line 105:5:  'setSelCat' is not defined  no-undef

Search for the keywords to learn more about each error.


